../Core/Src/main.c:85:5:__io_putchar	16	static
../Core/Src/main.c:97:5:main	144	static
../Core/Src/main.c:174:6:SystemClock_Config	96	static
../Core/Src/main.c:223:6:PeriphCommonClock_Config	144	static
../Core/Src/main.c:249:13:MX_I2C2_Init	8	static
../Core/Src/main.c:297:13:MX_SAI2_Init	8	static
../Core/Src/main.c:346:13:MX_SPI3_Init	8	static
../Core/Src/main.c:386:13:MX_USART2_UART_Init	8	static
../Core/Src/main.c:419:13:MX_DMA_Init	16	static
../Core/Src/main.c:440:13:MX_GPIO_Init	48	static
../Core/Src/main.c:493:6:Error_Handler	4	static,ignoring_inline_asm
